type octile
height 22
width 50
map
@.................................................
@.....PPPPPPPPPPPPPPPPPPPPPPPPPPPPPPPPPPPPPPPPPPP.
@.....PPPPPPPPPPPPPPPPPPPPPPPPPPPPPPPPPPPPPPPPPPP.
@.................................................
S.....PPPPPPPPPPPPPPPPPPPPPPPPPPPPPPPPPPPPPPPPPPP.
......PPPPPPPPPPPPPPPPPPPPPPPPPPPPPPPPPPPPPPPPPPP.
S.................................................
@.....PPPPPPPPPPPPPPPPPPPPPPPPPPPPPPPPPPPPPPPPPPP.
@.....PPPPPPPPPPPPPPPPPPPPPPPPPPPPPPPPPPPPPPPPPPP.
@.................................................
@.....PPPPPPPPPPPPPPPPPPPPPPPPPPPPPPPPPPPPPPPPPPP.
@.....PPPPPPPPPPPPPPPPPPPPPPPPPPPPPPPPPPPPPPPPPPP.
@.................................................
@.....PPPPPPPPPPPPPPPPPPPPPPPPPPPPPPPPPPPPPPPPPPP.
@.....PPPPPPPPPPPPPPPPPPPPPPPPPPPPPPPPPPPPPPPPPPP.
S.................................................
......PPPPPPPPPPPPPPPPPPPPPPPPPPPPPPPPPPPPPPPPPPP.
S.....PPPPPPPPPPPPPPPPPPPPPPPPPPPPPPPPPPPPPPPPPPP.
@.................................................
@.....PPPPPPPPPPPPPPPPPPPPPPPPPPPPPPPPPPPPPPPPPPP.
@.....PPPPPPPPPPPPPPPPPPPPPPPPPPPPPPPPPPPPPPPPPPP.
@...........................R.....................